// Jest Snapshot v1, https://goo.gl/fbAQLP

exports[`ChatbotWelcomePrompt should render welcome prompt 1`] = `
<div>
  <div
    class="pf-chatbot--layout--welcome "
  >
    <h1
      class="pf-v6-c-content--h1"
      data-ouia-component-id="OUIA-Generated-Content-1"
      data-ouia-component-type="PF6/Content"
      data-ouia-safe="true"
      data-pf-content="true"
    >
      <span
        class="pf-chatbot__hello"
      >
        Hello, Chatbot User
      </span>
      <br />
      <span
        class="pf-chatbot__question"
      >
        How may I help you today?
      </span>
    </h1>
    <div
      class="pf-chatbot__prompt-suggestions"
    />
  </div>
</div>
`;
