// Jest Snapshot v1, https://goo.gl/fbAQLP

exports[`LoadingMessage should render loading message 1`] = `
<div>
  <div
    class="pf-v6-l-split"
  >
    <div
      class="pf-v6-l-split__item"
    >
      <span
        class="pf-v6-c-icon pf-m-lg pf-v6-u-mr-sm pf-v6-u-pt-md"
      >
        <span
          class="pf-v6-c-icon__content"
        >
          <svg
            aria-hidden="true"
            class="pf-v6-svg"
            fill="currentColor"
            height="1em"
            role="img"
            viewBox="0 0 640 512"
            width="1em"
          >
            <path
              d="M32,224H64V416H32A31.96166,31.96166,0,0,1,0,384V256A31.96166,31.96166,0,0,1,32,224Zm512-48V448a64.06328,64.06328,0,0,1-64,64H160a64.06328,64.06328,0,0,1-64-64V176a79.974,79.974,0,0,1,80-80H288V32a32,32,0,0,1,64,0V96H464A79.974,79.974,0,0,1,544,176ZM264,256a40,40,0,1,0-40,40A39.997,39.997,0,0,0,264,256Zm-8,128H192v32h64Zm96,0H288v32h64ZM456,256a40,40,0,1,0-40,40A39.997,39.997,0,0,0,456,256Zm-8,128H384v32h64ZM640,256V384a31.96166,31.96166,0,0,1-32,32H576V224h32A31.96166,31.96166,0,0,1,640,256Z"
            />
          </svg>
        </span>
      </span>
    </div>
    <div
      class="pf-v6-l-split__item pf-u-background-color-200"
    >
      <div
        class="pf-v6-u-display-flex pf-u-align-items-center"
      >
        <div>
          .
        </div>
        <div>
          .
        </div>
        <div>
          .
        </div>
      </div>
    </div>
  </div>
</div>
`;
