// Jest Snapshot v1, https://goo.gl/fbAQLP

exports[`SourcesCard should render card 1`] = `
<div>
  <div
    class="pf-chatbot__source"
  >
    <span>
      1 source
    </span>
    <div
      class="pf-v6-c-card pf-chatbot__sources-card"
      data-ouia-component-id="OUIA-Generated-Card-1"
      data-ouia-component-type="PF6/Card"
      data-ouia-safe="true"
      id=""
    >
      <div
        class="pf-v6-c-card__title"
      >
        <div
          class="pf-v6-c-card__title-text pf-chatbot__sources-card-title"
        >
          <a
            href=""
          >
            Source 1
          </a>
        </div>
      </div>
    </div>
  </div>
</div>
`;
